{
  "Entries": [
    {
      "RequestUri": "/subscriptions/2c224e7e-3ef5-431d-a57b-e71f4662e3a6/providers?&api-version=2014-04-01-preview",
      "RequestMethod": "GET",
      "RequestBody": "",
      "RequestHeaders": {
        "User-Agent": [
          "Microsoft.Azure.Management.Resources.ResourceManagementClient/2.0.0.0"
        ]
      },
      "ResponseBody": "{\r\n  \"value\": [\r\n    {\r\n      \"id\": \"/subscriptions/2c224e7e-3ef5-431d-a57b-e71f4662e3a6/providers/Microsoft.ApiManagement\",\r\n      \"namespace\": \"Microsoft.ApiManagement\",\r\n      \"resourceTypes\": [\r\n        {\r\n          \"resourceType\": \"service\",\r\n          \"locations\": [\r\n            \"North Central US\",\r\n            \"East US\",\r\n            \"West US\",\r\n            \"North Europe\",\r\n            \"West Europe\",\r\n            \"East Asia\"\r\n          ]\r\n        }\r\n      ],\r\n      \"registrationState\": \"Registered\"\r\n    },\r\n    {\r\n      \"id\": \"/subscriptions/2c224e7e-3ef5-431d-a57b-e71f4662e3a6/providers/Microsoft.Batch\",\r\n      \"namespace\": \"Microsoft.Batch\",\r\n      \"resourceTypes\": [\r\n        {\r\n          \"resourceType\": \"batchAccounts\",\r\n          \"locations\": [\r\n            \"West US\",\r\n            \"East US\",\r\n            \"East US 2\",\r\n            \"North Central US\",\r\n            \"South Central US\",\r\n            \"Central US\",\r\n            \"West Europe\",\r\n            \"North Europe\",\r\n            \"East Asia\",\r\n            \"Southeast Asia\",\r\n            \"Japan West\",\r\n            \"Japan East\",\r\n            \"Brazil South\"\r\n          ]\r\n        }\r\n      ],\r\n      \"registrationState\": \"NotRegistered\"\r\n    },\r\n    {\r\n      \"id\": \"/subscriptions/2c224e7e-3ef5-431d-a57b-e71f4662e3a6/providers/Microsoft.BizTalkServices\",\r\n      \"namespace\": \"Microsoft.BizTalkServices\",\r\n      \"resourceTypes\": [\r\n        {\r\n          \"resourceType\": \"BizTalk\",\r\n          \"locations\": [\r\n            \"East US\",\r\n            \"West US\",\r\n            \"North Europe\",\r\n            \"West Europe\",\r\n            \"Southeast Asia\",\r\n            \"East Asia\",\r\n            \"North Central US\",\r\n            \"Japan West\",\r\n            \"Japan East\",\r\n            \"South Central US\"\r\n          ]\r\n        }\r\n      ],\r\n      \"registrationState\": \"NotRegistered\"\r\n    },\r\n    {\r\n      \"id\": \"/subscriptions/2c224e7e-3ef5-431d-a57b-e71f4662e3a6/providers/microsoft.cache\",\r\n      \"namespace\": \"microsoft.cache\",\r\n      \"resourceTypes\": [\r\n        {\r\n          \"resourceType\": \"Redis\",\r\n          \"locations\": [\r\n            \"North Central US\",\r\n            \"South Central US\",\r\n            \"West Europe\",\r\n            \"North Europe\",\r\n            \"West US\",\r\n            \"East US\",\r\n            \"Japan West\",\r\n            \"Brazil South\",\r\n            \"Southeast Asia\",\r\n            \"East Asia\"\r\n          ]\r\n        },\r\n        {\r\n          \"resourceType\": \"quotas\",\r\n          \"locations\": [\r\n            \"\"\r\n          ]\r\n        }\r\n      ],\r\n      \"registrationState\": \"Registered\"\r\n    },\r\n    {\r\n      \"id\": \"/subscriptions/2c224e7e-3ef5-431d-a57b-e71f4662e3a6/providers/Microsoft.ClassicCompute\",\r\n      \"namespace\": \"Microsoft.ClassicCompute\",\r\n      \"resourceTypes\": [\r\n        {\r\n          \"resourceType\": \"domainNames\",\r\n          \"locations\": [\r\n            \"East Asia\",\r\n            \"Southeast Asia\",\r\n            \"East US\",\r\n            \"East US 2\",\r\n            \"West US\",\r\n            \"North Central US\",\r\n            \"South Central US\",\r\n            \"Central US\",\r\n            \"North Europe\",\r\n            \"West Europe\",\r\n            \"Japan East\",\r\n            \"Japan West\",\r\n            \"Brazil South\"\r\n          ]\r\n        },\r\n        {\r\n          \"resourceType\": \"virtualMachines\",\r\n          \"locations\": [\r\n            \"East Asia\",\r\n            \"Southeast Asia\",\r\n            \"East US\",\r\n            \"East US 2\",\r\n            \"West US\",\r\n            \"North Central US\",\r\n            \"South Central US\",\r\n            \"Central US\",\r\n            \"North Europe\",\r\n            \"West Europe\",\r\n            \"Japan East\",\r\n            \"Japan West\",\r\n            \"Brazil South\"\r\n          ]\r\n        },\r\n        {\r\n          \"resourceType\": \"capabilities\",\r\n          \"locations\": [\r\n            \"\"\r\n          ]\r\n        },\r\n        {\r\n          \"resourceType\": \"virtualMachines/diagnosticSettings\",\r\n          \"locations\": [\r\n            \"East US\",\r\n            \"East US 2\",\r\n            \"North Central US\",\r\n            \"North Europe\",\r\n            \"West Europe\",\r\n            \"Brazil South\",\r\n            \"West US\",\r\n            \"Central US\",\r\n            \"South Central US\",\r\n            \"Japan East\",\r\n            \"Japan West\",\r\n            \"East Asia\",\r\n            \"Southeast Asia\"\r\n          ]\r\n        },\r\n        {\r\n          \"resourceType\": \"virtualMachines/metricDefinitions\",\r\n          \"locations\": [\r\n            \"East US\",\r\n            \"East US 2\",\r\n            \"North Central US\",\r\n            \"North Europe\",\r\n            \"West Europe\",\r\n            \"Brazil South\",\r\n            \"West US\",\r\n            \"Central US\",\r\n            \"South Central US\",\r\n            \"Japan East\",\r\n            \"Japan West\",\r\n            \"East Asia\",\r\n            \"Southeast Asia\"\r\n          ]\r\n        },\r\n        {\r\n          \"resourceType\": \"virtualMachines/metrics\",\r\n          \"locations\": [\r\n            \"North Central US\",\r\n            \"South Central US\",\r\n            \"East US\",\r\n            \"East US 2\",\r\n            \"West US\",\r\n            \"Central US\",\r\n            \"East Asia\",\r\n            \"Southeast Asia\",\r\n            \"North Europe\",\r\n            \"West Europe\",\r\n            \"Japan East\",\r\n            \"Japan West\",\r\n            \"Brazil South\"\r\n          ]\r\n        }\r\n      ],\r\n      \"registrationState\": \"Registered\"\r\n    },\r\n    {\r\n      \"id\": \"/subscriptions/2c224e7e-3ef5-431d-a57b-e71f4662e3a6/providers/Microsoft.ClassicNetwork\",\r\n      \"namespace\": \"Microsoft.ClassicNetwork\",\r\n      \"resourceTypes\": [\r\n        {\r\n          \"resourceType\": \"virtualNetworks\",\r\n          \"locations\": [\r\n            \"East Asia\",\r\n            \"Southeast Asia\",\r\n            \"East US\",\r\n            \"East US 2\",\r\n            \"West US\",\r\n            \"North Central US\",\r\n            \"South Central US\",\r\n            \"Central US\",\r\n            \"North Europe\",\r\n            \"West Europe\",\r\n            \"Japan East\",\r\n            \"Japan West\",\r\n            \"Brazil South\"\r\n          ]\r\n        }\r\n      ],\r\n      \"registrationState\": \"Registered\"\r\n    },\r\n    {\r\n      \"id\": \"/subscriptions/2c224e7e-3ef5-431d-a57b-e71f4662e3a6/providers/Microsoft.ClassicStorage\",\r\n      \"namespace\": \"Microsoft.ClassicStorage\",\r\n      \"resourceTypes\": [\r\n        {\r\n          \"resourceType\": \"storageAccounts\",\r\n          \"locations\": [\r\n            \"East Asia\",\r\n            \"Southeast Asia\",\r\n            \"East US\",\r\n            \"East US 2\",\r\n            \"West US\",\r\n            \"North Central US\",\r\n            \"South Central US\",\r\n            \"Central US\",\r\n            \"North Europe\",\r\n            \"West Europe\",\r\n            \"Japan East\",\r\n            \"Japan West\",\r\n            \"Brazil South\"\r\n          ]\r\n        }\r\n      ],\r\n      \"registrationState\": \"Registered\"\r\n    },\r\n    {\r\n      \"id\": \"/subscriptions/2c224e7e-3ef5-431d-a57b-e71f4662e3a6/providers/Microsoft.DataFactory\",\r\n      \"namespace\": \"Microsoft.DataFactory\",\r\n      \"resourceTypes\": [\r\n        {\r\n          \"resourceType\": \"dataFactories\",\r\n          \"locations\": [\r\n            \"West US\"\r\n          ]\r\n        }\r\n      ],\r\n      \"registrationState\": \"NotRegistered\"\r\n    },\r\n    {\r\n      \"id\": \"/subscriptions/2c224e7e-3ef5-431d-a57b-e71f4662e3a6/providers/Microsoft.DocumentDB\",\r\n      \"namespace\": \"Microsoft.DocumentDB\",\r\n      \"resourceTypes\": [\r\n        {\r\n          \"resourceType\": \"databaseAccounts\",\r\n          \"locations\": [\r\n            \"East US\",\r\n            \"West US\",\r\n            \"North Europe\",\r\n            \"West Europe\"\r\n          ]\r\n        }\r\n      ],\r\n      \"registrationState\": \"NotRegistered\"\r\n    },\r\n    {\r\n      \"id\": \"/subscriptions/2c224e7e-3ef5-431d-a57b-e71f4662e3a6/providers/microsoft.insights\",\r\n      \"namespace\": \"microsoft.insights\",\r\n      \"resourceTypes\": [\r\n        {\r\n          \"resourceType\": \"alertrules\",\r\n          \"locations\": [\r\n            \"West US\",\r\n            \"East US\"\r\n          ]\r\n        },\r\n        {\r\n          \"resourceType\": \"autoscalesettings\",\r\n          \"locations\": [\r\n            \"West US\",\r\n            \"East US\"\r\n          ]\r\n        },\r\n        {\r\n          \"resourceType\": \"components\",\r\n          \"locations\": [\r\n            \"\",\r\n            \"Central US\"\r\n          ]\r\n        },\r\n        {\r\n          \"resourceType\": \"eventtypes\",\r\n          \"locations\": [\r\n            \"\"\r\n          ]\r\n        },\r\n        {\r\n          \"resourceType\": \"metricDefinitionNamespace\",\r\n          \"locations\": [\r\n            \"\"\r\n          ]\r\n        },\r\n        {\r\n          \"resourceType\": \"metricDefinitions\",\r\n          \"locations\": [\r\n            \"\"\r\n          ]\r\n        },\r\n        {\r\n          \"resourceType\": \"metricNamespace\",\r\n          \"locations\": [\r\n            \"\"\r\n          ]\r\n        },\r\n        {\r\n          \"resourceType\": \"metrics\",\r\n          \"locations\": [\r\n            \"\"\r\n          ]\r\n        },\r\n        {\r\n          \"resourceType\": \"webtests\",\r\n          \"locations\": [\r\n            \"\",\r\n            \"Central US\"\r\n          ]\r\n        }\r\n      ],\r\n      \"registrationState\": \"Registered\"\r\n    },\r\n    {\r\n      \"id\": \"/subscriptions/2c224e7e-3ef5-431d-a57b-e71f4662e3a6/providers/Microsoft.IntelligentSystems\",\r\n      \"namespace\": \"Microsoft.IntelligentSystems\",\r\n      \"resourceTypes\": [\r\n        {\r\n          \"resourceType\": \"accounts\",\r\n          \"locations\": [\r\n            \"West US\",\r\n            \"North Europe\"\r\n          ]\r\n        }\r\n      ],\r\n      \"registrationState\": \"NotRegistered\"\r\n    },\r\n    {\r\n      \"id\": \"/subscriptions/2c224e7e-3ef5-431d-a57b-e71f4662e3a6/providers/Microsoft.Sql\",\r\n      \"namespace\": \"Microsoft.Sql\",\r\n      \"resourceTypes\": [\r\n        {\r\n          \"resourceType\": \"servers\",\r\n          \"locations\": [\r\n            \"Brazil South\",\r\n            \"Central US\",\r\n            \"East Asia\",\r\n            \"East US\",\r\n            \"East US 2\",\r\n            \"Japan East\",\r\n            \"Japan West\",\r\n            \"North Central US\",\r\n            \"North Europe\",\r\n            \"South Central US\",\r\n            \"Southeast Asia\",\r\n            \"West Europe\",\r\n            \"West US\"\r\n          ]\r\n        },\r\n        {\r\n          \"resourceType\": \"servers/databases\",\r\n          \"locations\": [\r\n            \"Brazil South\",\r\n            \"Central US\",\r\n            \"East Asia\",\r\n            \"East US\",\r\n            \"East US 2\",\r\n            \"Japan East\",\r\n            \"Japan West\",\r\n            \"North Central US\",\r\n            \"North Europe\",\r\n            \"South Central US\",\r\n            \"Southeast Asia\",\r\n            \"West Europe\",\r\n            \"West US\"\r\n          ]\r\n        },\r\n        {\r\n          \"resourceType\": \"servers/firewallrules\",\r\n          \"locations\": [\r\n            \"\"\r\n          ]\r\n        },\r\n        {\r\n          \"resourceType\": \"servers/databaseSecurityPolicies\",\r\n          \"locations\": [\r\n            \"\"\r\n          ]\r\n        },\r\n        {\r\n          \"resourceType\": \"servers/databaseSecurityMetrics\",\r\n          \"locations\": [\r\n            \"\"\r\n          ]\r\n        }\r\n      ],\r\n      \"registrationState\": \"Registered\"\r\n    },\r\n    {\r\n      \"id\": \"/subscriptions/2c224e7e-3ef5-431d-a57b-e71f4662e3a6/providers/microsoft.visualstudio\",\r\n      \"namespace\": \"microsoft.visualstudio\",\r\n      \"resourceTypes\": [\r\n        {\r\n          \"resourceType\": \"account\",\r\n          \"locations\": [\r\n            \"North Central US\"\r\n          ]\r\n        },\r\n        {\r\n          \"resourceType\": \"account/project\",\r\n          \"locations\": [\r\n            \"North Central US\"\r\n          ]\r\n        }\r\n      ],\r\n      \"registrationState\": \"Registered\"\r\n    },\r\n    {\r\n      \"id\": \"/subscriptions/2c224e7e-3ef5-431d-a57b-e71f4662e3a6/providers/Microsoft.Web\",\r\n      \"namespace\": \"Microsoft.Web\",\r\n      \"resourceTypes\": [\r\n        {\r\n          \"resourceType\": \"certificates\",\r\n          \"locations\": [\r\n            \"Brazil South\",\r\n            \"East Asia\",\r\n            \"East US\",\r\n            \"Japan East\",\r\n            \"Japan West\",\r\n            \"North Central US\",\r\n            \"North Europe\",\r\n            \"South Central US\",\r\n            \"West Europe\",\r\n            \"West US\",\r\n            \"Southeast Asia\"\r\n          ]\r\n        },\r\n        {\r\n          \"resourceType\": \"serverFarms\",\r\n          \"locations\": [\r\n            \"Brazil South\",\r\n            \"East Asia\",\r\n            \"East US\",\r\n            \"Japan East\",\r\n            \"Japan West\",\r\n            \"North Central US\",\r\n            \"North Europe\",\r\n            \"South Central US\",\r\n            \"West Europe\",\r\n            \"West US\",\r\n            \"Southeast Asia\"\r\n          ]\r\n        },\r\n        {\r\n          \"resourceType\": \"sites\",\r\n          \"locations\": [\r\n            \"Brazil South\",\r\n            \"East Asia\",\r\n            \"East US\",\r\n            \"Japan East\",\r\n            \"Japan West\",\r\n            \"North Central US\",\r\n            \"North Europe\",\r\n            \"South Central US\",\r\n            \"West Europe\",\r\n            \"West US\",\r\n            \"Southeast Asia\"\r\n          ]\r\n        }\r\n      ],\r\n      \"registrationState\": \"Registering\"\r\n    },\r\n    {\r\n      \"id\": \"/subscriptions/2c224e7e-3ef5-431d-a57b-e71f4662e3a6/providers/successbricks.cleardb\",\r\n      \"namespace\": \"successbricks.cleardb\",\r\n      \"resourceTypes\": [\r\n        {\r\n          \"resourceType\": \"databases\",\r\n          \"locations\": [\r\n            \"East Asia\",\r\n            \"East US\",\r\n            \"Japan East\",\r\n            \"Japan West\",\r\n            \"North Central US\",\r\n            \"North Europe\",\r\n            \"Southeast Asia\",\r\n            \"West Europe\",\r\n            \"West US\"\r\n          ]\r\n        }\r\n      ],\r\n      \"registrationState\": \"Registered\"\r\n    },\r\n    {\r\n      \"id\": \"/subscriptions/2c224e7e-3ef5-431d-a57b-e71f4662e3a6/providers/Microsoft.Resources\",\r\n      \"namespace\": \"Microsoft.Resources\",\r\n      \"resourceTypes\": [\r\n        {\r\n          \"resourceType\": \"resourceGroups\",\r\n          \"locations\": [\r\n            \"centralus\",\r\n            \"eastasia\",\r\n            \"southeastasia\",\r\n            \"eastus\",\r\n            \"westus\",\r\n            \"northcentralus\",\r\n            \"southcentralus\",\r\n            \"northeurope\",\r\n            \"westeurope\"\r\n          ]\r\n        }\r\n      ],\r\n      \"registrationState\": \"Registered\"\r\n    }\r\n  ]\r\n}",
      "ResponseHeaders": {
        "Pragma": [
          "no-cache"
        ],
        "x-ms-ratelimit-remaining-subscription-reads": [
          "31998"
        ],
        "x-ms-request-id": [
          "70379863-e7b1-4d4a-843c-b71089158356"
        ],
        "x-ms-correlation-request-id": [
          "70379863-e7b1-4d4a-843c-b71089158356"
        ],
        "x-ms-routing-request-id": [
          "WESTUS:20140724T210631Z:70379863-e7b1-4d4a-843c-b71089158356"
        ],
        "Strict-Transport-Security": [
          "max-age=31536000; includeSubDomains"
        ],
        "Cache-Control": [
          "no-cache"
        ],
        "Date": [
          "Thu, 24 Jul 2014 21:06:31 GMT"
        ]
      },
      "StatusCode": 200
    },
    {
      "RequestUri": "/subscriptions/2c224e7e-3ef5-431d-a57b-e71f4662e3a6/resourcegroups/onesdk7460?api-version=2014-04-01-preview",
      "RequestMethod": "HEAD",
      "RequestBody": "",
      "RequestHeaders": {
        "User-Agent": [
          "Microsoft.Azure.Management.Resources.ResourceManagementClient/2.0.0.0"
        ]
      },
      "ResponseBody": "",
      "ResponseHeaders": {
        "Pragma": [
          "no-cache"
        ],
        "x-ms-ratelimit-remaining-subscription-reads": [
          "31997"
        ],
        "x-ms-request-id": [
          "e369d84d-4863-4fa3-a57a-c847d8faccee"
        ],
        "x-ms-correlation-request-id": [
          "e369d84d-4863-4fa3-a57a-c847d8faccee"
        ],
        "x-ms-routing-request-id": [
          "WESTUS:20140724T210632Z:e369d84d-4863-4fa3-a57a-c847d8faccee"
        ],
        "Strict-Transport-Security": [
          "max-age=31536000; includeSubDomains"
        ],
        "Cache-Control": [
          "no-cache"
        ],
        "Date": [
          "Thu, 24 Jul 2014 21:06:31 GMT"
        ]
      },
      "StatusCode": 404
    },
    {
      "RequestUri": "/subscriptions/2c224e7e-3ef5-431d-a57b-e71f4662e3a6/resourcegroups/onesdk7460?api-version=2014-04-01-preview",
      "RequestMethod": "HEAD",
      "RequestBody": "",
      "RequestHeaders": {
        "User-Agent": [
          "Microsoft.Azure.Management.Resources.ResourceManagementClient/2.0.0.0"
        ]
      },
      "ResponseBody": "",
      "ResponseHeaders": {
        "Pragma": [
          "no-cache"
        ],
        "x-ms-ratelimit-remaining-subscription-reads": [
          "31991"
        ],
        "x-ms-request-id": [
          "e5c01318-1888-4d36-955d-7925268b87e2"
        ],
        "x-ms-correlation-request-id": [
          "e5c01318-1888-4d36-955d-7925268b87e2"
        ],
        "x-ms-routing-request-id": [
          "WESTUS:20140724T210632Z:e5c01318-1888-4d36-955d-7925268b87e2"
        ],
        "Strict-Transport-Security": [
          "max-age=31536000; includeSubDomains"
        ],
        "Cache-Control": [
          "no-cache"
        ],
        "Date": [
          "Thu, 24 Jul 2014 21:06:31 GMT"
        ]
      },
      "StatusCode": 204
    },
    {
      "RequestUri": "/subscriptions/2c224e7e-3ef5-431d-a57b-e71f4662e3a6/resourcegroups/onesdk7460?api-version=2014-04-01-preview",
      "RequestMethod": "PUT",
      "RequestBody": "{\r\n  \"location\": \"West US\",\r\n  \"tags\": {\r\n    \"testtag\": \"testval\"\r\n  }\r\n}",
      "RequestHeaders": {
        "User-Agent": [
          "Microsoft.Azure.Management.Resources.ResourceManagementClient/2.0.0.0"
        ]
      },
      "ResponseBody": "{\r\n  \"id\": \"/subscriptions/2c224e7e-3ef5-431d-a57b-e71f4662e3a6/resourceGroups/onesdk7460\",\r\n  \"name\": \"onesdk7460\",\r\n  \"location\": \"westus\",\r\n  \"tags\": {\r\n    \"testtag\": \"testval\"\r\n  },\r\n  \"properties\": {\r\n    \"provisioningState\": \"Succeeded\"\r\n  }\r\n}",
      "ResponseHeaders": {
        "Pragma": [
          "no-cache"
        ],
        "x-ms-ratelimit-remaining-subscription-writes": [
          "1197"
        ],
        "x-ms-request-id": [
          "328c3c6d-f9c8-4bf1-890a-0342f6e74f13"
        ],
        "x-ms-correlation-request-id": [
          "328c3c6d-f9c8-4bf1-890a-0342f6e74f13"
        ],
        "x-ms-routing-request-id": [
          "WESTUS:20140724T210632Z:328c3c6d-f9c8-4bf1-890a-0342f6e74f13"
        ],
        "Strict-Transport-Security": [
          "max-age=31536000; includeSubDomains"
        ],
        "Cache-Control": [
          "no-cache"
        ],
        "Date": [
          "Thu, 24 Jul 2014 21:06:31 GMT"
        ]
      },
      "StatusCode": 201
    },
    {
      "RequestUri": "/subscriptions/2c224e7e-3ef5-431d-a57b-e71f4662e3a6/resourceGroups/onesdk7460/resources?&api-version=2014-04-01-preview",
      "RequestMethod": "GET",
      "RequestBody": "",
      "RequestHeaders": {
        "User-Agent": [
          "Microsoft.Azure.Management.Resources.ResourceManagementClient/2.0.0.0"
        ]
      },
      "ResponseBody": "{\r\n  \"value\": []\r\n}",
      "ResponseHeaders": {
        "Pragma": [
          "no-cache"
        ],
        "x-ms-ratelimit-remaining-subscription-reads": [
          "31996"
        ],
        "x-ms-request-id": [
          "9a56f955-af31-400d-aaed-e3d7280ed84a"
        ],
        "x-ms-correlation-request-id": [
          "9a56f955-af31-400d-aaed-e3d7280ed84a"
        ],
        "x-ms-routing-request-id": [
          "WESTUS:20140724T210632Z:9a56f955-af31-400d-aaed-e3d7280ed84a"
        ],
        "Strict-Transport-Security": [
          "max-age=31536000; includeSubDomains"
        ],
        "Cache-Control": [
          "no-cache"
        ],
        "Date": [
          "Thu, 24 Jul 2014 21:06:31 GMT"
        ]
      },
      "StatusCode": 200
    },
    {
      "RequestUri": "/subscriptions/2c224e7e-3ef5-431d-a57b-e71f4662e3a6/resourceGroups/onesdk7460/resources?&api-version=2014-04-01-preview",
      "RequestMethod": "GET",
      "RequestBody": "",
      "RequestHeaders": {
        "User-Agent": [
          "Microsoft.Azure.Management.Resources.ResourceManagementClient/2.0.0.0"
        ]
      },
      "ResponseBody": "{\r\n  \"value\": []\r\n}",
      "ResponseHeaders": {
        "Pragma": [
          "no-cache"
        ],
        "x-ms-ratelimit-remaining-subscription-reads": [
          "31993"
        ],
        "x-ms-request-id": [
          "9724c4d4-c950-40df-b6c3-3a2acbf830bc"
        ],
        "x-ms-correlation-request-id": [
          "9724c4d4-c950-40df-b6c3-3a2acbf830bc"
        ],
        "x-ms-routing-request-id": [
          "WESTUS:20140724T210632Z:9724c4d4-c950-40df-b6c3-3a2acbf830bc"
        ],
        "Strict-Transport-Security": [
          "max-age=31536000; includeSubDomains"
        ],
        "Cache-Control": [
          "no-cache"
        ],
        "Date": [
          "Thu, 24 Jul 2014 21:06:31 GMT"
        ]
      },
      "StatusCode": 200
    },
    {
      "RequestUri": "/subscriptions/2c224e7e-3ef5-431d-a57b-e71f4662e3a6/resourcegroups/onesdk7460/permissions?api-version=2014-04-01-preview",
      "RequestMethod": "GET",
      "RequestBody": "",
      "RequestHeaders": {
        "User-Agent": [
          "Microsoft.Azure.Management.Resources.ResourceManagementClient/2.0.0.0"
        ]
      },
      "ResponseBody": "{\r\n  \"value\": [\r\n    {\r\n      \"actions\": [\r\n        \"*\"\r\n      ]\r\n    }\r\n  ]\r\n}",
      "ResponseHeaders": {
        "Pragma": [
          "no-cache"
        ],
        "x-ms-ratelimit-remaining-subscription-reads": [
          "31995"
        ],
        "x-ms-request-id": [
          "0a80be8d-e71a-4e98-963d-c3e2ca56fe7b"
        ],
        "x-ms-correlation-request-id": [
          "0a80be8d-e71a-4e98-963d-c3e2ca56fe7b"
        ],
        "x-ms-routing-request-id": [
          "WESTUS:20140724T210632Z:0a80be8d-e71a-4e98-963d-c3e2ca56fe7b"
        ],
        "Strict-Transport-Security": [
          "max-age=31536000; includeSubDomains"
        ],
        "Cache-Control": [
          "no-cache"
        ],
        "Date": [
          "Thu, 24 Jul 2014 21:06:31 GMT"
        ]
      },
      "StatusCode": 200
    },
    {
      "RequestUri": "/subscriptions/2c224e7e-3ef5-431d-a57b-e71f4662e3a6/resourcegroups/onesdk7460/permissions?api-version=2014-04-01-preview",
      "RequestMethod": "GET",
      "RequestBody": "",
      "RequestHeaders": {
        "User-Agent": [
          "Microsoft.Azure.Management.Resources.ResourceManagementClient/2.0.0.0"
        ]
      },
      "ResponseBody": "{\r\n  \"value\": [\r\n    {\r\n      \"actions\": [\r\n        \"*\"\r\n      ]\r\n    }\r\n  ]\r\n}",
      "ResponseHeaders": {
        "Pragma": [
          "no-cache"
        ],
        "x-ms-ratelimit-remaining-subscription-reads": [
          "31992"
        ],
        "x-ms-request-id": [
          "fd1482c7-6b6e-42ca-81da-cae537a83706"
        ],
        "x-ms-correlation-request-id": [
          "fd1482c7-6b6e-42ca-81da-cae537a83706"
        ],
        "x-ms-routing-request-id": [
          "WESTUS:20140724T210632Z:fd1482c7-6b6e-42ca-81da-cae537a83706"
        ],
        "Strict-Transport-Security": [
          "max-age=31536000; includeSubDomains"
        ],
        "Cache-Control": [
          "no-cache"
        ],
        "Date": [
          "Thu, 24 Jul 2014 21:06:31 GMT"
        ]
      },
      "StatusCode": 200
    },
    {
      "RequestUri": "/subscriptions/2c224e7e-3ef5-431d-a57b-e71f4662e3a6/resourcegroups/onesdk7460?api-version=2014-04-01-preview",
      "RequestMethod": "GET",
      "RequestBody": "",
      "RequestHeaders": {
        "User-Agent": [
          "Microsoft.Azure.Management.Resources.ResourceManagementClient/2.0.0.0"
        ]
      },
      "ResponseBody": "{\r\n  \"id\": \"/subscriptions/2c224e7e-3ef5-431d-a57b-e71f4662e3a6/resourceGroups/onesdk7460\",\r\n  \"name\": \"onesdk7460\",\r\n  \"location\": \"westus\",\r\n  \"tags\": {\r\n    \"testtag\": \"testval\"\r\n  },\r\n  \"properties\": {\r\n    \"provisioningState\": \"Succeeded\"\r\n  }\r\n}",
      "ResponseHeaders": {
        "Pragma": [
          "no-cache"
        ],
        "x-ms-ratelimit-remaining-subscription-reads": [
          "31994"
        ],
        "x-ms-request-id": [
          "3e4a8694-62f6-4c14-b252-d4121d60124c"
        ],
        "x-ms-correlation-request-id": [
          "3e4a8694-62f6-4c14-b252-d4121d60124c"
        ],
        "x-ms-routing-request-id": [
          "WESTUS:20140724T210632Z:3e4a8694-62f6-4c14-b252-d4121d60124c"
        ],
        "Strict-Transport-Security": [
          "max-age=31536000; includeSubDomains"
        ],
        "Cache-Control": [
          "no-cache"
        ],
        "Date": [
          "Thu, 24 Jul 2014 21:06:31 GMT"
        ]
      },
      "StatusCode": 200
    },
    {
      "RequestUri": "/subscriptions/2c224e7e-3ef5-431d-a57b-e71f4662e3a6/resourcegroups/onesdk7460?api-version=2014-04-01-preview",
      "RequestMethod": "DELETE",
      "RequestBody": "",
      "RequestHeaders": {
        "User-Agent": [
          "Microsoft.Azure.Management.Resources.ResourceManagementClient/2.0.0.0"
        ],
        "client-tracking-id": [
          "82"
        ]
      },
      "ResponseBody": "",
      "ResponseHeaders": {
        "Pragma": [
          "no-cache"
        ],
        "Retry-After": [
          "15"
        ],
        "x-ms-ratelimit-remaining-subscription-writes": [
          "1196"
        ],
        "x-ms-request-id": [
          "d2bd44b5-9225-443a-91b1-b29f7a9ab759"
        ],
        "x-ms-correlation-request-id": [
          "d2bd44b5-9225-443a-91b1-b29f7a9ab759"
        ],
        "x-ms-routing-request-id": [
          "WESTUS:20140724T210632Z:d2bd44b5-9225-443a-91b1-b29f7a9ab759"
        ],
        "Strict-Transport-Security": [
          "max-age=31536000; includeSubDomains"
        ],
        "Cache-Control": [
          "no-cache"
        ],
        "Date": [
          "Thu, 24 Jul 2014 21:06:31 GMT"
        ],
        "Location": [
          "https://management.azure.com/subscriptions/2c224e7e-3ef5-431d-a57b-e71f4662e3a6/operationresults/eyJqb2JJZCI6IlJFU09VUkNFR1JPVVBERUxFVElPTkpPQi1PTkVTREs3NDYwLVdFU1RVUyIsImpvYkxvY2F0aW9uIjoid2VzdHVzIn0=?api-version=2014-04-01-preview"
        ]
      },
      "StatusCode": 202
    },
    {
      "RequestUri": "/subscriptions/2c224e7e-3ef5-431d-a57b-e71f4662e3a6/operationresults/eyJqb2JJZCI6IlJFU09VUkNFR1JPVVBERUxFVElPTkpPQi1PTkVTREs3NDYwLVdFU1RVUyIsImpvYkxvY2F0aW9uIjoid2VzdHVzIn0=?api-version=2014-04-01-preview",
      "RequestMethod": "GET",
      "RequestBody": "",
      "RequestHeaders": {
        "x-ms-version": [
          "2014-04-01-preview"
        ],
        "User-Agent": [
          "Microsoft.Azure.Management.Resources.ResourceManagementClient/2.0.0.0"
        ],
        "client-tracking-id": [
          "82"
        ]
      },
      "ResponseBody": "",
      "ResponseHeaders": {
        "Pragma": [
          "no-cache"
        ],
        "Retry-After": [
          "15"
        ],
        "x-ms-ratelimit-remaining-subscription-reads": [
          "31990"
        ],
        "x-ms-request-id": [
          "2dcf6bc7-b018-4d99-83f0-720847e1c879"
        ],
        "x-ms-correlation-request-id": [
          "2dcf6bc7-b018-4d99-83f0-720847e1c879"
        ],
        "x-ms-routing-request-id": [
          "WESTUS:20140724T210632Z:2dcf6bc7-b018-4d99-83f0-720847e1c879"
        ],
        "Strict-Transport-Security": [
          "max-age=31536000; includeSubDomains"
        ],
        "Cache-Control": [
          "no-cache"
        ],
        "Date": [
          "Thu, 24 Jul 2014 21:06:31 GMT"
        ],
        "Location": [
          "https://management.azure.com/subscriptions/2c224e7e-3ef5-431d-a57b-e71f4662e3a6/operationresults/eyJqb2JJZCI6IlJFU09VUkNFR1JPVVBERUxFVElPTkpPQi1PTkVTREs3NDYwLVdFU1RVUyIsImpvYkxvY2F0aW9uIjoid2VzdHVzIn0=?api-version=2014-04-01-preview"
        ]
      },
      "StatusCode": 202
    },
    {
      "RequestUri": "/subscriptions/2c224e7e-3ef5-431d-a57b-e71f4662e3a6/operationresults/eyJqb2JJZCI6IlJFU09VUkNFR1JPVVBERUxFVElPTkpPQi1PTkVTREs3NDYwLVdFU1RVUyIsImpvYkxvY2F0aW9uIjoid2VzdHVzIn0=?api-version=2014-04-01-preview",
      "RequestMethod": "GET",
      "RequestBody": "",
      "RequestHeaders": {
        "x-ms-version": [
          "2014-04-01-preview"
        ],
        "User-Agent": [
          "Microsoft.Azure.Management.Resources.ResourceManagementClient/2.0.0.0"
        ],
        "client-tracking-id": [
          "82"
        ]
      },
      "ResponseBody": "",
      "ResponseHeaders": {
        "Pragma": [
          "no-cache"
        ],
        "Retry-After": [
          "15"
        ],
        "x-ms-ratelimit-remaining-subscription-reads": [
          "31989"
        ],
        "x-ms-request-id": [
          "963c8311-03ac-4f8c-ad97-bcb960a7a3e1"
        ],
        "x-ms-correlation-request-id": [
          "963c8311-03ac-4f8c-ad97-bcb960a7a3e1"
        ],
        "x-ms-routing-request-id": [
          "WESTUS:20140724T210647Z:963c8311-03ac-4f8c-ad97-bcb960a7a3e1"
        ],
        "Strict-Transport-Security": [
          "max-age=31536000; includeSubDomains"
        ],
        "Cache-Control": [
          "no-cache"
        ],
        "Date": [
          "Thu, 24 Jul 2014 21:06:47 GMT"
        ],
        "Location": [
          "https://management.azure.com/subscriptions/2c224e7e-3ef5-431d-a57b-e71f4662e3a6/operationresults/eyJqb2JJZCI6IlJFU09VUkNFR1JPVVBERUxFVElPTkpPQi1PTkVTREs3NDYwLVdFU1RVUyIsImpvYkxvY2F0aW9uIjoid2VzdHVzIn0=?api-version=2014-04-01-preview"
        ]
      },
      "StatusCode": 202
    },
    {
      "RequestUri": "/subscriptions/2c224e7e-3ef5-431d-a57b-e71f4662e3a6/operationresults/eyJqb2JJZCI6IlJFU09VUkNFR1JPVVBERUxFVElPTkpPQi1PTkVTREs3NDYwLVdFU1RVUyIsImpvYkxvY2F0aW9uIjoid2VzdHVzIn0=?api-version=2014-04-01-preview",
      "RequestMethod": "GET",
      "RequestBody": "",
      "RequestHeaders": {
        "x-ms-version": [
          "2014-04-01-preview"
        ],
        "User-Agent": [
          "Microsoft.Azure.Management.Resources.ResourceManagementClient/2.0.0.0"
        ],
        "client-tracking-id": [
          "82"
        ]
      },
      "ResponseBody": "",
      "ResponseHeaders": {
        "Pragma": [
          "no-cache"
        ],
        "Retry-After": [
          "15"
        ],
        "x-ms-ratelimit-remaining-subscription-reads": [
          "31988"
        ],
        "x-ms-request-id": [
          "0a0f961b-58a0-43e3-9a06-f55e24cf12af"
        ],
        "x-ms-correlation-request-id": [
          "0a0f961b-58a0-43e3-9a06-f55e24cf12af"
        ],
        "x-ms-routing-request-id": [
          "WESTUS:20140724T210702Z:0a0f961b-58a0-43e3-9a06-f55e24cf12af"
        ],
        "Strict-Transport-Security": [
          "max-age=31536000; includeSubDomains"
        ],
        "Cache-Control": [
          "no-cache"
        ],
        "Date": [
          "Thu, 24 Jul 2014 21:07:02 GMT"
        ],
        "Location": [
          "https://management.azure.com/subscriptions/2c224e7e-3ef5-431d-a57b-e71f4662e3a6/operationresults/eyJqb2JJZCI6IlJFU09VUkNFR1JPVVBERUxFVElPTkpPQi1PTkVTREs3NDYwLVdFU1RVUyIsImpvYkxvY2F0aW9uIjoid2VzdHVzIn0=?api-version=2014-04-01-preview"
        ]
      },
      "StatusCode": 202
    },
    {
      "RequestUri": "/subscriptions/2c224e7e-3ef5-431d-a57b-e71f4662e3a6/operationresults/eyJqb2JJZCI6IlJFU09VUkNFR1JPVVBERUxFVElPTkpPQi1PTkVTREs3NDYwLVdFU1RVUyIsImpvYkxvY2F0aW9uIjoid2VzdHVzIn0=?api-version=2014-04-01-preview",
      "RequestMethod": "GET",
      "RequestBody": "",
      "RequestHeaders": {
        "x-ms-version": [
          "2014-04-01-preview"
        ],
        "User-Agent": [
          "Microsoft.Azure.Management.Resources.ResourceManagementClient/2.0.0.0"
        ],
        "client-tracking-id": [
          "82"
        ]
      },
      "ResponseBody": "",
      "ResponseHeaders": {
        "Pragma": [
          "no-cache"
        ],
        "x-ms-ratelimit-remaining-subscription-reads": [
          "31987"
        ],
        "x-ms-request-id": [
          "9866460d-82e5-421f-91ac-e14f13f11d0a"
        ],
        "x-ms-correlation-request-id": [
          "9866460d-82e5-421f-91ac-e14f13f11d0a"
        ],
        "x-ms-routing-request-id": [
          "WESTUS:20140724T210718Z:9866460d-82e5-421f-91ac-e14f13f11d0a"
        ],
        "Strict-Transport-Security": [
          "max-age=31536000; includeSubDomains"
        ],
        "Cache-Control": [
          "no-cache"
        ],
        "Date": [
          "Thu, 24 Jul 2014 21:07:18 GMT"
        ]
      },
      "StatusCode": 200
    }
  ],
  "Names": {
    "Test-CreatesNewSimpleResourceGroup": [
      "onesdk7460"
    ]
  },
  "Variables": {
    "SubscriptionId": "2c224e7e-3ef5-431d-a57b-e71f4662e3a6"
  }
}